[2026-07-04T21:04:32.665] [DEBUG] debug-file - env: nodejsVersion=v18.20.1
[2026-07-04T21:04:33.004] [DEBUG] debug-file - Hvigor init with startParameters:{
  hvigorfileTypeCheck: false,
  parallelExecution: true,
  incrementalExecution: true,
  printStackTrace: false,
  daemon: false,
  analyze: 0,
  logLevel: Level { level: 20000, levelStr: 'INFO', colour: 'green' },
  optimizationStrategy: 'memory',
  hotCompile: undefined,
  hotReloadBuild: undefined,
  customizedParam: undefined
}
[2026-07-04T21:04:34.652] [DEBUG] debug-file - hvigorfile, require result:  { default: { system: [Function: appTasks], plugins: [] } }
[2026-07-04T21:04:34.654] [DEBUG] debug-file - Starting plugin build process
[2026-07-04T21:04:34.793] [DEBUG] debug-file - Start initialize project's product build option map with build mode debug.
[2026-07-04T21:04:34.792] [DEBUG] debug-file - App plugin register hook start...
[2026-07-04T21:04:34.809] [DEBUG] debug-file - Start recording SDK configuration permission data.
[2026-07-04T21:04:34.797] [DEBUG] debug-file - Obtain build option for product 'default'in this build.
[2026-07-04T21:04:34.847] [DEBUG] debug-file - Project task initialization takes 6 ms 
[2026-07-04T21:04:34.869] [DEBUG] debug-file - Start initialize module-target build option map, moduleName=effectkitsample, buildMode=debug
[2026-07-04T21:04:34.875] [DEBUG] debug-file - project has submodules:effectkitsample
[2026-07-04T21:04:32.666] [DEBUG] debug-file - env: hvigor-config.json5 content = {
  modelVersion: '5.0.0',
  dependencies: {},
  execution: {},
  logging: {},
  debugging: {},
  nodeOptions: {}
}
[2026-07-04T21:04:34.876] [DEBUG] debug-file - start to load updatedOhPackageInfo to the disk
[2026-07-04T21:04:34.856] [DEBUG] debug-file - failed to load cangjie to dynamically generate schemas: Error: Cannot find module '@ohos/cangjie-build-support/index'
Require stack:
- C:\Program Files\Huawei\DevEco Studio\tools\hvigor\hvigor-ohos-plugin\src\plugin\hooks\cangjie-register.js
- C:\Program Files\Huawei\DevEco Studio\tools\hvigor\hvigor-ohos-plugin\src\plugin\strategy\stage-init-strategy.js
- C:\Program Files\Huawei\DevEco Studio\tools\hvigor\hvigor-ohos-plugin\src\plugin\builder\abstract-plugin-builder.js
- C:\Program Files\Huawei\DevEco Studio\tools\hvigor\hvigor-ohos-plugin\src\plugin\builder\app-plugin-builder.js
- C:\Program Files\Huawei\DevEco Studio\tools\hvigor\hvigor-ohos-plugin\src\plugin\factory\plugin-factory.js
- C:\Program Files\Huawei\DevEco Studio\tools\hvigor\hvigor-ohos-plugin\index.js
- C:\Users\lzf\Desktop\effect-kit-master (1)\effect-kit-master\hvigorfile.ts
- C:\Program Files\Huawei\DevEco Studio\tools\hvigor\hvigor\src\base\internal\lifecycle\configuration.js
- C:\Program Files\Huawei\DevEco Studio\tools\hvigor\hvigor\src\base\boot\index.js
- C:\Program Files\Huawei\DevEco Studio\tools\hvigor\hvigor\src\cli\main\cli.js
- C:\Program Files\Huawei\DevEco Studio\tools\hvigor\hvigor\bin\hvigor.js
[2026-07-04T21:04:34.885] [DEBUG] debug-file - Start to initialize dependency information.
[2026-07-04T21:04:34.892] [DEBUG] debug-file - effectkitsample : clean cost memory 0.11510467529296875
[2026-07-04T21:04:34.910] [DEBUG] debug-file - Create  resident worker with id: 0.
[2026-07-04T21:04:33.005] [DEBUG] debug-file - Since current hvigor version 6.23.6 differs from last hvigor version 
      undefined, delete file-cache.json and task-cache.json.
[2026-07-04T21:04:34.653] [DEBUG] debug-file - hvigorfile, binding system plugins [Function: appTasks]
[2026-07-04T21:04:34.654] [DEBUG] debug-file - App plugin prepare start...
[2026-07-04T21:04:34.794] [DEBUG] debug-file - Picking option from product 'default' with build mode 'debug'.
[2026-07-04T21:04:34.792] [DEBUG] debug-file - App plugin register hook end...
[2026-07-04T21:04:34.839] [DEBUG] debug-file - Sdk init in 38 ms 
[2026-07-04T21:04:34.797] [DEBUG] debug-file - not found resModel json file in : C:\Users\lzf\Desktop\effect-kit-master (1)\effect-kit-master\entry\src\ohosTest\module.json5
[2026-07-04T21:04:34.847] [DEBUG] debug-file - hvigorfile, begin to bind custom plugins...
[2026-07-04T21:04:34.869] [DEBUG] debug-file - Target 'default' config initialized
[2026-07-04T21:04:32.667] [DEBUG] debug-file - env: daemon=false
[2026-07-04T21:04:34.881] [DEBUG] debug-file - load to the disk finished
[2026-07-04T21:04:34.887] [DEBUG] debug-file - Module effectkitsample Collected Dependency: 
[2026-07-04T21:04:34.892] [DEBUG] debug-file - runTaskFromQueue task cost before running: 1 s 896 ms 
[2026-07-04T21:04:34.911] [DEBUG] debug-file - Create  resident worker with id: 1.
[2026-07-04T21:04:33.005] [DEBUG] debug-file - Cache service initialization finished in 1 ms 
[2026-07-04T21:04:34.654] [DEBUG] debug-file - App plugin prepare end...
[2026-07-04T21:04:34.794] [DEBUG] debug-file - Product 'default' build option initialized
[2026-07-04T21:04:34.792] [DEBUG] debug-file - Plugin build process completed
[2026-07-04T21:04:34.801] [DEBUG] debug-file - No signingConfig found, initRemoteHspCache failed.
[2026-07-04T21:04:34.847] [DEBUG] debug-file - hvigorfile, no custom plugins were found in C:\Users\lzf\Desktop\effect-kit-master (1)\effect-kit-master\hvigorfile.ts
[2026-07-04T21:04:34.870] [DEBUG] debug-file - Target 'ohosTest' config initialized
[2026-07-04T21:04:32.667] [DEBUG] debug-file - no-daemon, use the parent process.execArgv --max-old-space-size=8192,--max-semi-space-size=16,--expose-gc
[2026-07-04T21:04:34.882] [DEBUG] debug-file - Start to initialize dependency information.
[2026-07-04T21:04:34.887] [DEBUG] debug-file - Module effectkitsample's total dependency: 0
[2026-07-04T21:04:34.893] [INFO] debug-file - Finished :effectkitsample:clean... after 2 ms 
[2026-07-04T21:04:34.913] [DEBUG] debug-file - Current worker pool is stopped or closed.
[2026-07-04T21:04:33.006] [DEBUG] debug-file - hvigorfile, resolving C:\Users\lzf\Desktop\effect-kit-master (1)\effect-kit-master\hvigorfile.ts
[2026-07-04T21:04:34.654] [DEBUG] debug-file - App plugin creating...
[2026-07-04T21:04:34.794] [DEBUG] debug-file - End initialize project's product build option map with build mode 'debug'.
[2026-07-04T21:04:34.870] [DEBUG] debug-file - Module 'effectkitsample' target 'default' build option initialized
[2026-07-04T21:04:34.847] [DEBUG] debug-file - hvigorfile, resolve finished C:\Users\lzf\Desktop\effect-kit-master (1)\effect-kit-master\hvigorfile.ts
[2026-07-04T21:04:34.803] [DEBUG] debug-file - Local scan or download HarmonyOS sdk components toolchains,ets,js,native,previewer
[2026-07-04T21:04:34.884] [DEBUG] debug-file - Module effect-kit-master Collected Dependency: 
[2026-07-04T21:04:34.913] [DEBUG] debug-file - Clear worker 0.
[2026-07-04T21:04:34.894] [DEBUG] debug-file - Executing task ::clean
[2026-07-04T21:04:34.889] [DEBUG] debug-file - Configuration phase cost:1 s 884 ms 
[2026-07-04T21:04:34.848] [DEBUG] debug-file - hvigorfile, resolving C:\Users\lzf\Desktop\effect-kit-master (1)\effect-kit-master\entry\hvigorfile.ts
[2026-07-04T21:04:34.870] [DEBUG] debug-file - Module 'effectkitsample' target 'ohosTest' build option initialized
[2026-07-04T21:04:34.806] [DEBUG] debug-file - Local scan or download hmscore sdk components toolchains,ets,native
[2026-07-04T21:04:34.884] [DEBUG] debug-file - Module effect-kit-master's total dependency: 0
[2026-07-04T21:04:34.913] [DEBUG] debug-file - Worker 0 has been cleared.
[2026-07-04T21:04:34.894] [DEBUG] debug-file - clean: Worker pool is inactive.
[2026-07-04T21:04:34.853] [DEBUG] debug-file - hvigorfile, require result:  { default: { system: [Function: hapTasks], plugins: [] } }
[2026-07-04T21:04:34.890] [DEBUG] debug-file - Configuration task cost before running: 1 s 893 ms 
[2026-07-04T21:04:34.870] [DEBUG] debug-file - End initialize module-target build option map, moduleName=effectkitsample
[2026-07-04T21:04:34.913] [DEBUG] debug-file - Current idle worker size: 1.
[2026-07-04T21:04:34.894] [DEBUG] debug-file - effect-kit-master : clean cost memory 0.021087646484375
[2026-07-04T21:04:34.853] [DEBUG] debug-file - hvigorfile, binding system plugins [Function: hapTasks]
[2026-07-04T21:04:34.891] [DEBUG] debug-file - Executing task :effectkitsample:clean
[2026-07-04T21:04:34.870] [DEBUG] debug-file - Start initialize module-target build option map, moduleName=effectkitsample, buildMode=release
[2026-07-04T21:04:34.913] [DEBUG] debug-file - Current busy worker size: 0.
[2026-07-04T21:04:34.894] [DEBUG] debug-file - runTaskFromQueue task cost before running: 1 s 897 ms 
[2026-07-04T21:04:34.854] [DEBUG] debug-file - Starting plugin build process
[2026-07-04T21:04:34.891] [DEBUG] debug-file - clean: Worker pool is inactive.
[2026-07-04T21:04:34.870] [DEBUG] debug-file - Target 'default' config initialized
[2026-07-04T21:04:34.913] [DEBUG] debug-file - Clear worker 1.
[2026-07-04T21:04:34.894] [INFO] debug-file - Finished ::clean... after 1 ms 
[2026-07-04T21:04:34.854] [DEBUG] debug-file - Hap plugin creating...
[2026-07-04T21:04:34.870] [DEBUG] debug-file - Target 'ohosTest' config initialized
[2026-07-04T21:04:34.913] [DEBUG] debug-file - Worker 1 has been cleared.
[2026-07-04T21:04:34.894] [DEBUG] debug-file - Executing task :effectkitsample:init
[2026-07-04T21:04:34.870] [DEBUG] debug-file - Module 'effectkitsample' target 'default' build option initialized
[2026-07-04T21:04:34.913] [DEBUG] debug-file - Current idle worker size: 0.
[2026-07-04T21:04:34.894] [DEBUG] debug-file - effectkitsample : init cost memory 0.012725830078125
[2026-07-04T21:04:34.913] [DEBUG] debug-file - Current busy worker size: 0.
[2026-07-04T21:04:34.870] [DEBUG] debug-file - Module 'effectkitsample' target 'ohosTest' build option initialized
[2026-07-04T21:04:34.894] [DEBUG] debug-file - runTaskFromQueue task cost before running: 1 s 898 ms 
[2026-07-04T21:04:34.914] [DEBUG] debug-file - hvigor build process will be closed.
[2026-07-04T21:04:34.870] [DEBUG] debug-file - End initialize module-target build option map, moduleName=effectkitsample
[2026-07-04T21:04:34.895] [INFO] debug-file - Finished :effectkitsample:init... after 1 ms 
[2026-07-04T21:04:34.917] [DEBUG] debug-file - worker[0] exits with exit code 0.
[2026-07-04T21:04:34.870] [DEBUG] debug-file - Start initialize module-target build option map, moduleName=effectkitsample, buildMode=debug
[2026-07-04T21:04:34.895] [DEBUG] debug-file - Executing task ::init
[2026-07-04T21:04:34.917] [DEBUG] debug-file - worker[1] exits with exit code 0.
[2026-07-04T21:04:34.870] [DEBUG] debug-file - Target 'default' config initialized
[2026-07-04T21:04:34.895] [DEBUG] debug-file - effect-kit-master : init cost memory 0.01186370849609375
[2026-07-04T21:04:34.917] [DEBUG] debug-file - Current worker pool is terminated.
[2026-07-04T21:04:34.870] [DEBUG] debug-file - Target 'ohosTest' config initialized
[2026-07-04T21:04:34.895] [DEBUG] debug-file - runTaskFromQueue task cost before running: 1 s 898 ms 
[2026-07-04T21:04:34.870] [DEBUG] debug-file - Module 'effectkitsample' target 'default' build option initialized
[2026-07-04T21:04:34.895] [INFO] debug-file - Finished ::init... after 1 ms 
[2026-07-04T21:04:34.870] [DEBUG] debug-file - Module 'effectkitsample' target 'ohosTest' build option initialized
[2026-07-04T21:04:34.901] [DEBUG] debug-file - Obtain build option for module 'effectkitsample' target 'default'in this build.
[2026-07-04T21:04:34.870] [DEBUG] debug-file - End initialize module-target build option map, moduleName=effectkitsample
[2026-07-04T21:04:34.901] [DEBUG] debug-file - Obtain build option for module 'effectkitsample' target 'ohosTest'in this build.
[2026-07-04T21:04:34.871] [DEBUG] debug-file - Obtain build option for module 'effectkitsample' target 'default'in this build.
[2026-07-04T21:04:34.908] [DEBUG] debug-file - Since there is no instance or instance is terminated, create a new worker pool.
[2026-07-04T21:04:34.908] [DEBUG] debug-file - Worker pool is initialized with config:  {
  minPoolNum: 2,
  maxPoolNum: undefined,
  maxCoreSize: undefined,
  cacheCapacity: undefined,
  cacheTtl: undefined
}
[2026-07-04T21:04:34.874] [DEBUG] debug-file - Module effectkitsample task initialization takes 3 ms 
[2026-07-04T21:04:34.874] [DEBUG] debug-file - Hap plugin register hook start...
[2026-07-04T21:04:34.874] [DEBUG] debug-file - Hap plugin register hook end...
[2026-07-04T21:04:34.874] [DEBUG] debug-file - Plugin build process completed
[2026-07-04T21:04:34.874] [DEBUG] debug-file - hvigorfile, begin to bind custom plugins...
[2026-07-04T21:04:34.874] [DEBUG] debug-file - hvigorfile, no custom plugins were found in C:\Users\lzf\Desktop\effect-kit-master (1)\effect-kit-master\entry\hvigorfile.ts
[2026-07-04T21:04:34.874] [DEBUG] debug-file - hvigorfile, resolve finished C:\Users\lzf\Desktop\effect-kit-master (1)\effect-kit-master\entry\hvigorfile.ts
